rand_i = 85
rand_f = -2.268
rand_digit = 433218196001
rand_alpha = oGMbJ
rand_lower = wuwrn
rand_upper = OSIZA
rand_alnum = SBvrjn9Wvgfygw2wM
rand_lower_sisy = yavopa
rand_upper_sisy = DUKUZIRE
rand_snake = gia
rand_format_cvqd = Zezax_kotil_li_34
rand_chars = cud
 