fill_color = 'dark_orange'
stroke_color = 'dark_red'
