iVBORw0KGgoAAAANSUhEUgAAACAAAAAgCAYAAABzenr0AAACoElEQVRYR9WXgZExQRCFZyNABIgAESACZEAGRIAIyAARIAJEQAZkgAjcfVPVW7M7M3uzu1f3199VW9ya6X7z+nX3XKSU+nw//8yi/xJAo9FQj8fjV1hLMDAej9Xn81HH41G9Xi9ngGq1qp7Pp+p0Oup2u5UGkQCwWCzUfD7XwdfrtVoul84A5/NZHQ4HvaasOQGIU044Go0sugHa6/X0k7btdqvXsybErBRsNpvEPtjo9/sJugm83+9VrVZLrC2SngSAdrutrterBRwQzWYz1oUE4p0pxixmfGxYZYjDer1urSfvMCEGqOFwqHiPURmAJ2XyLncK2CBCdG2eTCaKHGME4bv8jSgxQOUxiwFOgvgqlYrlB3agXQAAAsDT6VR/ksK8/cHZCbNYkPonOA8BEW7RvuBtxbDQarUsFugNACQ4LHFqMzVsQKSyl9/x9X6/nY3LCwAnBEmDuFwuuv75rdvtxsFZPxgMtAZ8OkC4aGW328VCzRxGOGUDgUz1U/+8R4B8EnC1WulKCLXZbKY7adA0FKGJMKMo0jRjNCRXR8wCAgPMHSwIgOSVTSiekwLgdDppDYQaOmC/lG4mAGgl/1Ja5I8pKRNQSs9Vri5AnJo96SlrMfBTPsmdNB3phuwBqNlBRfWiE994/3EYmafBKfTjFMXLyPY5D0lNDIBTIKgskx7ApUWMlDAjioLQABDU/X6Ple3LISJE8YjPtDIgNICs1gvtUC0XDBcAwAg7IbSbazQA8opj0iD1DaUy8Ux6fQB0SX33h7wW3AfEsVxGXIHQQp67QK5GZAaUOZAGwWVESjSUidwM4Nh3dUtPxRAQhQDgmIpIX2D/LAVyMgQJ5bRjqkUEHHJyWVOYAVOU9Hgs9H8BqwzzIP7ttaUZKAvoC4xKqRALWT+yAAAAAElFTkSuQmCC