Hello world!
Apple Banana Coconut Strawberry Ananas
