fill_color = 'dark_green'
stroke_color = 'dark_brown'
