Apple Banana Coconut Strawberry Ananas
Apple Banana Coconut Strawberry Ananas
