fill_color = 'dark_blue'
stroke_color = 'dark_black'
