bool_val='False'
int_val='0'
uint_val='0'
float_val='0.0'
str_val=''
